001202:/srv/raids/intern1/var/public/001202
001397:/srv/raids/raidset8/var/public/001397
001733:/srv/raids/raidset8/var/public/001733
001763:/srv/raids/extern2/var/public/001763
002006:/srv/raids/raidset8/var/public/002006
002083:/srv/raids/raidset8/var/public/002083
002096:/srv/raids/raidset8/var/public/002096
002209:/srv/raids/raidset8/var/public/002209
002259:/srv/raids/raidset8/var/public/002259
002265:/srv/raids/raidset8/var/public/002265
002315:/srv/raids/raidset8/var/public/002315
002316:/srv/raids/raidset8/var/public/002316
002353:/srv/raids/raidset8/var/public/002353
002358:/srv/raids/raidset8/var/public/002358
002378:/srv/raids/raidset8/var/public/002378
002457:/srv/raids/raidset8/var/public/002457
002503:/srv/raids/raidset8/var/public/002503
002506:/srv/raids/raidset8/var/public/002506
002548:/srv/raids/raidset8/var/public/002548
002603:/srv/raids/raidset8/var/public/002603
002617:/srv/raids/raidset8/var/public/002617
002706:/srv/raids/raidset8/var/public/002706
002728:/srv/raids/raidset8/var/public/002728
002782:/srv/raids/raidset8/var/public/002782
002790:/srv/raids/raidset8/var/public/002790
003040:/srv/raids/raidset7/var/public/003040
003095:/srv/raids/raidset8/var/public/003095
003105:/srv/raids/raidset8/var/public/003105
003139:/srv/raids/raidset8/var/public/003139
003158:/srv/raids/raidset8/var/public/003158
003335:/srv/raids/extern1/var/public/003335
003362:/srv/raids/raidset8/var/public/003362
003459:/srv/raids/raidset8/var/public/003459
003504:/srv/raids/extern2/var/public/003504
003531:/srv/raids/raidset8/var/public/003531
003543:/srv/raids/raidset8/var/public/003543
003609:/srv/raids/raidset8/var/public/003609
003656:/srv/raids/raidset8/var/public/003656
003696:/srv/raids/raidset8/var/public/003696
003700:/srv/raids/raidset8/var/public/003700
003711:/srv/raids/raidset7/var/public/003711
003792:/srv/raids/raidset8/var/public/003792
003813:/srv/raids/raidset7/var/public/003813
003878:/srv/raids/intern1/var/public/003878
003925:/srv/raids/raidset8/var/public/003925
003973:/srv/raids/extern1/var/public/003973
004002:/srv/raids/raidset9/var/public/004002
004152:/srv/raids/raidset8/var/public/004152
004177:/srv/raids/raidset8/var/public/004177
004240:/srv/raids/raidset7/var/public/004240
004272:/srv/raids/intern1/var/public/004272
004286:/srv/raids/intern1/var/public/004286
004347:/srv/raids/extern1/var/public/004347
004356:/srv/raids/raidset8/var/public/004356
004385:/srv/raids/raidset8/var/public/004385
004445:/srv/raids/intern1/var/public/004445
004488:/srv/raids/intern1/var/public/004488
004550:/srv/raids/raidset8/var/public/004550
004562:/srv/raids/raidset8/var/public/004562
004647:/srv/raids/raidset8/var/public/004647
004649:/srv/raids/raidset8/var/public/004649
004671:/srv/raids/raidset8/var/public/004671
004750:/srv/raids/raidset8/var/public/004750
004852:/srv/raids/raidset8/var/public/004852
004862:/srv/raids/intern1/var/public/004862
004869:/srv/raids/raidset8/var/public/004869
004893:/srv/raids/raidset8/var/public/004893
004929:/srv/raids/raidset8/var/public/004929
004949:/srv/raids/raidset8/var/public/004949
004953:/srv/raids/raidset8/var/public/004953
004955:/srv/raids/raidset8/var/public/004955
004992:/srv/raids/intern1/var/public/004992
005314:/srv/raids/raidset8/var/public/005314
005407:/srv/raids/raidset8/var/public/005407
005444:/srv/raids/extern2/var/public/005444
005445:/srv/raids/raidset8/var/public/005445
005464:/srv/raids/raidset9/var/public/005464
005561:/srv/raids/raidset8/var/public/005561
005631:/srv/raids/raidset7/var/public/005631
005693:/srv/raids/extern1/var/public/005693
005821:/srv/raids/raidset8/var/public/005821
005873:/srv/raids/extern1/var/public/005873
005886:/srv/raids/extern2/var/public/005886
005904:/srv/raids/extern2/var/public/005904
006112:/srv/raids/extern1/var/public/006112
006182:/srv/raids/intern1/var/public/006182
006255:/srv/raids/extern1/var/public/006255
006315:/srv/raids/extern1/var/public/006315
006378:/srv/raids/extern1/var/public/006378
006523:/srv/raids/extern1/var/public/006523
006543:/srv/raids/extern1/var/public/006543
006549:/srv/raids/intern1/var/public/006549
006583:/srv/raids/extern2/var/public/006583
006589:/srv/raids/raidset7/var/public/006589
006598:/srv/raids/extern1/var/public/006598
006619:/srv/raids/extern1/var/public/006619
006652:/srv/raids/extern1/var/public/006652
006714:/srv/raids/extern1/var/public/006714
006787:/srv/raids/extern1/var/public/006787
006795:/srv/raids/extern2/var/public/006795
006895:/srv/raids/extern1/var/public/006895
006902:/srv/raids/extern1/var/public/006902
006939:/srv/raids/extern1/var/public/006939
006979:/srv/raids/extern2/var/public/006979
006980:/srv/raids/intern1/var/public/006980
007111:/srv/raids/extern1/var/public/007111
007136:/srv/raids/extern1/var/public/007136
007245:/srv/raids/extern1/var/public/007245
007291:/srv/raids/intern1/var/public/007291
007384:/srv/raids/intern1/var/public/007384
007394:/srv/raids/extern2/var/public/007394
007420:/srv/raids/extern2/var/public/007420
007474:/srv/raids/extern2/var/public/007474
007514:/srv/raids/intern1/var/public/007514
007553:/srv/raids/raidset9/var/public/007553
007627:/srv/raids/extern1/var/public/007627
007631:/srv/raids/intern1/var/public/007631
007638:/srv/raids/intern1/var/public/007638
007708:/srv/raids/raidset9/var/public/007708
007715:/srv/raids/extern2/var/public/007715
007810:/srv/raids/extern2/var/public/007810
008188:/srv/raids/extern2/var/public/008188
008253:/srv/raids/extern2/var/public/008253
008300:/srv/raids/raidset9/var/public/008300
008303:/srv/raids/intern1/var/public/008303
008402:/srv/raids/intern1/var/public/008402
008429:/srv/raids/raidset9/var/public/008429
008803:/srv/raids/extern2/var/public/008803
008816:/srv/raids/extern2/var/public/008816
009251:/srv/raids/intern1/var/public/009251
009413:/srv/raids/raidset8/var/public/009413
009470:/srv/raids/extern2/var/public/009470
009809:/srv/raids/intern1/var/public/009809
010260:/srv/raids/raidset8/var/public/010260
010296:/srv/raids/intern1/var/public/010296
010589:/srv/raids/intern1/var/public/010589
010700:/srv/raids/intern1/var/public/010700
010769:/srv/raids/intern1/var/public/010769
010806:/srv/raids/raidset9/var/public/010806
010822:/srv/raids/intern1/var/public/010822
011076:/srv/raids/raidset9/var/public/011076
011103:/srv/raids/raidset8/var/public/011103
a_+++Test+++_1iu:/srv/raids/extern2/var/anonym/004477/+++Test+++
a_+++Upload+++_ClX:/srv/raids/extern2/var/anonym/004477/+++Upload+++
a_00....This...._F5p:/srv/raids/extern2/var/anonym/004477/00....This....
a_01.....is....._qS1:/srv/raids/extern2/var/anonym/004477/01.....is.....
a_01...SPARTA..._XcK:/srv/raids/raidset9/var/anonym/007553/01...SPARTA...
a_02...Mammut..._oal:/srv/raids/extern2/var/anonym/004477/02...Mammut...
a_03...StuSta..._BTX:/srv/raids/extern2/var/anonym/004477/03...StuSta...
a_04....file...._IC9:/srv/raids/extern2/var/anonym/004477/04....file....
a_05..service..._lVJ:/srv/raids/extern2/var/anonym/004477/05..service...
a_33C3_qcc:/srv/raids/intern1/var/anonym/004445/33C3
a_3D_Movies_DgJ:/srv/raids/intern1/var/anonym/007638/3D_Movies
a_Anime_QZo:/srv/raids/raidset8/var/anonym/009413/Anime
a_Arschficken_ejS:/srv/raids/intern1/var/anonym/007638/Arschficken
a_Berserk_bHc:/srv/raids/extern2/var/anonym/011464/Berserk
a_BliBlaBooks_DN5:/srv/raids/raidset8/var/anonym/009197/BliBlaBooks
a_Books_iqo:/srv/raids/raidset9/var/anonym/008300/Books
a_Bucher_0Tx:/srv/raids/extern2/var/anonym/005886/Bucher
a_Bundeswehr_9Ct:/srv/raids/extern2/var/anonym/007394/Bundeswehr
a_Bundeswehr_nsH:/srv/raids/intern1/var/anonym/007638/Bundeswehr
a_COnvertedMovies_Z6y:/srv/raids/intern1/var/anonym/007638/COnvertedMovies
a_DC_is_okay_i_guess_BTL:/srv/raids/raidset8/var/anonym/009197/DC_is_okay_i_guess
a_Debian_Y2I:/srv/raids/extern2/var/anonym/004477/Debian
a_Disney_R7p:/srv/raids/raidset9/var/anonym/008300/Disney
a_Doctor_Who_npP:/srv/raids/extern1/var/anonym/006255/Doctor_Who
a_FTP_g4s:/srv/raids/extern2/var/anonym/005886/FTP
a_FUN_xL1:/srv/raids/intern1/var/anonym/004445/FUN
a_Filme_7HZ:/srv/raids/extern2/var/anonym/004477/Filme
a_Filme_de_en_1080_xfT:/srv/raids/raidset9/var/anonym/008300/Filme_de_en_1080
a_Filme_g8F:/srv/raids/intern1/var/anonym/007631/Filme
a_Filme_o2l:/srv/raids/raidset8/var/anonym/009413/Filme
a_Fun_eRi:/srv/raids/extern2/var/anonym/004477/Fun
a_Games_B0V:/srv/raids/extern2/var/anonym/004477/Games
a_Games_eFH:/srv/raids/intern1/var/anonym/007631/Games
a_Girls.S06E09.720p.HDTV.x264-AVS_rarbg__W5V:/srv/raids/intern1/var/anonym/007631/Girls.S06E09.720p.HDTV.x264-AVS[rarbg]
a_Hacked_Team_ZxU:/srv/raids/intern1/var/anonym/007638/Hacked_Team
a_Hackers_Wanted_98I:/srv/raids/intern1/var/anonym/004445/Hackers_Wanted
a_HighQualityMusic_TgH:/srv/raids/intern1/var/anonym/007638/HighQualityMusic
a_Hoerbuecher_lEl:/srv/raids/extern1/var/anonym/006598/Hoerbuecher
a_I_would_not_watch_this_tbl:/srv/raids/intern1/var/anonym/004445/I_would_not_watch_this
a_KoLXo3_Tqt:/srv/raids/extern1/var/anonym/006478/KoLXo3
a_Le_Dump_4wS:/srv/raids/raidset8/var/anonym/009197/Le_Dump
a_More_Pr0n_t2l:/srv/raids/intern1/var/anonym/007638/More_Pr0n
a_Music_3GR:/srv/raids/intern1/var/anonym/007631/Music
a_Musik_Cjk:/srv/raids/extern2/var/anonym/005886/Musik
a_Musik_UbR:/srv/raids/raidset8/var/anonym/009413/Musik
a_Musik_qLK:/srv/raids/extern2/var/anonym/004477/Musik
a_Musik_v0k:/srv/raids/raidset8/var/anonym/009197/Musik
a_Musikvideos_xot:/srv/raids/extern2/var/anonym/004477/Musikvideos
a_One_Punch_Man_(2015)__BD,1080p_FLAC__-_SallySubs_4h8:/srv/raids/extern2/var/anonym/011464/One_Punch_Man_(2015)_[BD,1080p FLAC]_-_SallySubs
a_Other_Poh:/srv/raids/extern2/var/anonym/004477/Other
a_Pornstuff_8AM:/srv/raids/extern2/var/anonym/008803/Pornstuff
a_Serien_Inv:/srv/raids/raidset8/var/anonym/009413/Serien
a_Serien_jFu:/srv/raids/intern1/var/anonym/007638/Serien
a_Silicon.Valley.S04E04.Teambuilding.Exercise.720p.HBO.WEB-DL.DD5.1.H.264-monkee.mkv_8eY:/srv/raids/extern2/var/anonym/007579/Silicon.Valley.S04E04.Teambuilding.Exercise.720p.HBO.WEB-DL.DD5.1.H.264-monkee.mkv
a_SlowMo_HBK:/srv/raids/intern1/var/anonym/007631/SlowMo
a_Sonstiges_Cct:/srv/raids/intern1/var/anonym/007631/Sonstiges
a_StuStaCulum_Android-App_LOm:/srv/raids/intern1/var/anonym/007631/StuStaCulum_Android-App
a_StuSta_1988_bis_heute_0rL:/srv/raids/intern1/var/anonym/007631/StuSta_1988_bis_heute
a_StuSta_fSO:/srv/raids/intern1/var/anonym/010296/StuSta
a_Stutube_TV_XPW:/srv/raids/raidset8/var/anonym/009197/Stutube_TV
a_T2.Trainspotting.2017.1080p.WEB-DL.H264.AC3-EVO_EtHD__UU2:/srv/raids/intern1/var/anonym/007631/T2.Trainspotting.2017.1080p.WEB-DL.H264.AC3-EVO[EtHD]
a_Test_DcB:/srv/raids/raidset9/var/anonym/007553/Test
a_VR_Porn_PKe:/srv/raids/intern1/var/anonym/007631/VR_Porn
a_Videos_xPq:/srv/raids/extern2/var/anonym/005886/Videos
a_WelcomeToTheInternet_9j6:/srv/raids/extern2/var/anonym/007394/WelcomeToTheInternet
a_X.org_9nl:/srv/raids/extern2/var/anonym/004477/X.org
a_Zuh_ltertape_Vol._4_K8J:/srv/raids/extern2/var/anonym/009257/Zuhältertape Vol. 4
a___LEMONADE_-_Beyonce__TIDAL-1.mp4_vEd:/srv/raids/intern1/var/anonym/008402/▶ LEMONADE - Beyoncé TIDAL-1.mp4
a_akademy_TId:/srv/raids/extern2/var/anonym/004477/akademy
a_apkg_Qhp:/srv/raids/extern2/var/anonym/001113/apkg
a_asdf_phF:/srv/raids/raidset9/var/anonym/007553/asdf
a_atr_twX:/srv/raids/extern2/var/anonym/004477/atr
a_casting_couch_etc_czx:/srv/raids/extern1/var/anonym/006714/casting_couch_etc
a_ccc_uwm:/srv/raids/extern2/var/anonym/004477/ccc
a_diceware_EOg:/srv/raids/extern2/var/anonym/004477/diceware
a_dies-ist-ein-testfile_Kq4:/srv/raids/raidset8/var/anonym/005561/dies-ist-ein-testfile
a_do_not_watch_this_6OP:/srv/raids/extern1/var/anonym/006939/do not watch this
a_docus_Lf0:/srv/raids/intern1/var/anonym/004445/docus
a_dokus_R6O:/srv/raids/raidset7/var/anonym/006589/dokus
a_downloads_JCO:/srv/raids/intern1/var/anonym/004445/downloads
a_extremeware_OtH:/srv/raids/raidset7/var/anonym/006589/extremeware
a_filme_0wK:/srv/raids/extern2/var/anonym/001113/filme
a_films_m0Z:/srv/raids/raidset8/var/anonym/005561/films
a_fosdem_MGL:/srv/raids/intern1/var/anonym/010296/fosdem
a_games_iru:/srv/raids/extern1/var/anonym/006939/games
a_hacks_B9U:/srv/raids/intern1/var/anonym/004445/hacks
a_hacks_TIH:/srv/raids/raidset7/var/anonym/006589/hacks
a_horseporn_8hT:/srv/raids/intern1/var/anonym/004445/horseporn
a_huge_amount_of_8Zl:/srv/raids/raidset8/var/anonym/004671/huge_amount_of
a_kadsenvideos_p0L:/srv/raids/raidset9/var/anonym/007553/kadsenvideos
a_kurios_aI3:/srv/raids/extern2/var/anonym/001113/kurios
a_linux.conf.au_yVK:/srv/raids/extern2/var/anonym/004477/linux.conf.au
a_lolstuff_bUN:/srv/raids/extern1/var/anonym/006619/lolstuff
a_lolz_H4V:/srv/raids/raidset7/var/anonym/006589/lolz
a_media_mjs:/srv/raids/extern1/var/anonym/006902/media
a_mob.100.1080p.so_ul_9OJ:/srv/raids/extern2/var/anonym/011464/mob.100.1080p.so_ul
a_movies_JGk:/srv/raids/intern1/var/anonym/007638/movies
a_movies_new_vN6:/srv/raids/intern1/var/anonym/004445/movies_new
a_movies_recent_Wrf:/srv/raids/intern1/var/anonym/004445/movies_recent
a_movies_yrP:/srv/raids/intern1/var/anonym/004445/movies
a_music_hq_0Rq:/srv/raids/intern1/var/anonym/010296/music_hq
a_musicvideos_wlV:/srv/raids/intern1/var/anonym/010296/musicvideos
a_piratebay_mammut_bridge_dXx:/srv/raids/raidset7/var/anonym/006589/piratebay_mammut_bridge
a_porn_YIO:/srv/raids/extern1/var/anonym/006939/porn
a_porn_c3u:/srv/raids/intern1/var/anonym/010296/porn
a_pornstash_w6U:/srv/raids/extern1/var/anonym/006619/pornstash
a_pr0n_U80:/srv/raids/raidset9/var/anonym/007553/pr0n
a_premium_porn_WQ6:/srv/raids/raidset7/var/anonym/006589/premium_porn
a_qwer_gUx:/srv/raids/intern1/var/anonym/010296/qwer
a_random_gay_porn_appears_nNA:/srv/raids/extern1/var/anonym/006598/random_gay_porn_appears
a_random_ifd:/srv/raids/extern1/var/anonym/006902/random
a_randomjunk_V3y:/srv/raids/intern1/var/anonym/009809/randomjunk
a_reload_eJn:/srv/raids/extern1/var/anonym/006902/reload
a_schulwege_chZ:/srv/raids/extern2/var/anonym/001113/schulwege
a_see_me_eBA:/srv/raids/extern2/var/anonym/007579/see_me
a_software_3CD:/srv/raids/extern1/var/anonym/006939/software
a_spiegel.tv_ifx:/srv/raids/raidset7/var/anonym/006589/spiegel.tv
a_spthumbnails_hEC:/srv/raids/intern1/var/anonym/007638/spthumbnails
a_stuff_BWr:/srv/raids/intern1/var/anonym/005714/stuff
a_stustaculum_9ij:/srv/raids/extern2/var/anonym/004477/stustaculum
a_video.fosdem.org_8k1:/srv/raids/extern2/var/anonym/004477/video.fosdem.org
a_wikileaks_Afq:/srv/raids/intern1/var/anonym/004445/wikileaks
a_wikileaks_SNP:/srv/raids/extern2/var/anonym/004477/wikileaks
a_wild_germany_zdf_neo_tg0:/srv/raids/raidset7/var/anonym/006589/wild_germany_zdf_neo
a_wolololbdsm_u0j:/srv/raids/raidset8/var/anonym/010722/wolololbdsm
a_wolololstuff_DmL:/srv/raids/raidset8/var/anonym/010722/wolololstuff
a_xxx_dump_Ent:/srv/raids/raidset7/var/anonym/006589/xxx_dump
hsh_hutt:/srv/raids/extern1/var/public/hsh_hutt
